main.c:109:5:main	80	static
main.c:290:6:passwordInput	40	static
main.c:339:6:passwordMatch	24	static
main.c:353:6:motorRotate	16	static
main.c:368:6:tempDisplay	32	static
main.c:377:6:tempMeasure	104	static
main.c:412:6:buzzerAlarm	32	static
main.c:442:6:SystemClock_Config	88	static
main.c:482:13:MX_ADC1_Init	32	static
main.c:565:13:MX_SPI2_Init	8	static
main.c:603:13:MX_TIM2_Init	48	static
main.c:651:6:TIM2_IRQHandler	8	static
main.c:658:6:HAL_TIM_PeriodElapsedCallback	16	static
main.c:686:13:MX_USART2_UART_Init	8	static
main.c:725:13:MX_GPIO_Init	40	static
main.c:796:6:Error_Handler	4	static,ignoring_inline_asm
